
viswa@viswanath MINGW64 ~ (master)
$ cd /C/Users/viswa/OneDrive/Desktop

viswa@viswanath MINGW64 /C/Users/viswa/OneDrive/Desktop (master)
$ mkdir mygitproject

viswa@viswanath MINGW64 /C/Users/viswa/OneDrive/Desktop (master)
$ cd mygitproject

viswa@viswanath MINGW64 /C/Users/viswa/OneDrive/Desktop/mygitproject (master)
$ git init
Initialized empty Git repository in C:/Users/viswa/OneDrive/Desktop/mygitproject/.git/

viswa@viswanath MINGW64 /C/Users/viswa/OneDrive/Desktop/mygitproject (master)
$ touch example.log

viswa@viswanath MINGW64 /C/Users/viswa/OneDrive/Desktop/mygitproject (master)
$ mkdir log

viswa@viswanath MINGW64 /C/Users/viswa/OneDrive/Desktop/mygitproject (master)
$ touch log/debug.log

viswa@viswanath MINGW64 /C/Users/viswa/OneDrive/Desktop/mygitproject (master)
$ echo ".log" >> .gitignore

viswa@viswanath MINGW64 /C/Users/viswa/OneDrive/Desktop/mygitproject (master)
$ echo "log/" >> .gitignore

viswa@viswanath MINGW64 /C/Users/viswa/OneDrive/Desktop/mygitproject (master)
$ gitstatus
bash: gitstatus: command not found

viswa@viswanath MINGW64 /C/Users/viswa/OneDrive/Desktop/mygitproject (master)
$ git status
On branch master

No commits yet

Untracked files:
  (use "git add <file>..." to include in what will be committed)
        .gitignore
        example.log

nothing added to commit but untracked files present (use "git add" to track)

viswa@viswanath MINGW64 /C/Users/viswa/OneDrive/Desktop/mygitproject (master)
$ ^C

viswa@viswanath MINGW64 /C/Users/viswa/OneDrive/Desktop/mygitproject (master)
$ nano  .gitignore

viswa@viswanath MINGW64 /C/Users/viswa/OneDrive/Desktop/mygitproject (master)
$ git status
On branch master

No commits yet

Untracked files:
  (use "git add <file>..." to include in what will be committed)
        .gitignore

nothing added to commit but untracked files present (use "git add" to track)

viswa@viswanath MINGW64 /C/Users/viswa/OneDrive/Desktop/mygitproject (master)
$ git add .gitignore
warning: in the working copy of '.gitignore', LF will be replaced by CRLF the next time Git touches it

viswa@viswanath MINGW64 /C/Users/viswa/OneDrive/Desktop/mygitproject (master)
$ git commit -m "Add .gitignore to ignore .log files and log folder"
[master (root-commit) ee88069] Add .gitignore to ignore .log files and log folder
 1 file changed, 2 insertions(+)
 create mode 100644 .gitignore

viswa@viswanath MINGW64 /C/Users/viswa/OneDrive/Desktop/mygitproject (master)
$ git log -1
commit ee8806919dc3ed5caa74439b9a4270c4af14d20c (HEAD -> master)
Author: ViswanathVenkatesan <viswanathvenkatesan1328@gmail.com>
Date:   Mon Aug 11 09:18:57 2025 +0530

    Add .gitignore to ignore .log files and log folder

viswa@viswanath MINGW64 /C/Users/viswa/OneDrive/Desktop/mygitproject (master)
$ git remote add origin https://gitlab.com/viswanathvenkatesan1328-group/gitdemo

viswa@viswanath MINGW64 /C/Users/viswa/OneDrive/Desktop/mygitproject (master)
$ git branch -M main

viswa@viswanath MINGW64 /C/Users/viswa/OneDrive/Desktop/mygitproject (main)
$ git push -u origin main
warning: redirecting to https://gitlab.com/viswanathvenkatesan1328-group/gitdemo.git/
To https://gitlab.com/viswanathvenkatesan1328-group/gitdemo
 ! [rejected]        main -> main (fetch first)
error: failed to push some refs to 'https://gitlab.com/viswanathvenkatesan1328-group/gitdemo'
hint: Updates were rejected because the remote contains work that you do not
hint: have locally. This is usually caused by another repository pushing to
hint: the same ref. If you want to integrate the remote changes, use
hint: 'git pull' before pushing again.
hint: See the 'Note about fast-forwards' in 'git push --help' for details.

viswa@viswanath MINGW64 /C/Users/viswa/OneDrive/Desktop/mygitproject (main)
$ ^C

viswa@viswanath MINGW64 /C/Users/viswa/OneDrive/Desktop/mygitproject (main)
$ git pull origin main --rebase
warning: redirecting to https://gitlab.com/viswanathvenkatesan1328-group/gitdemo.git/
remote: Enumerating objects: 6, done.
remote: Counting objects: 100% (6/6), done.
remote: Compressing objects: 100% (4/4), done.
remote: Total 6 (delta 0), reused 0 (delta 0), pack-reused 0 (from 0)
Unpacking objects: 100% (6/6), 3.04 KiB | 155.00 KiB/s, done.
From https://gitlab.com/viswanathvenkatesan1328-group/gitdemo
 * branch            main       -> FETCH_HEAD
 * [new branch]      main       -> origin/main
Successfully rebased and updated refs/heads/main.

viswa@viswanath MINGW64 /C/Users/viswa/OneDrive/Desktop/mygitproject (main)
$ git rebase --continue
fatal: no rebase in progress

viswa@viswanath MINGW64 /C/Users/viswa/OneDrive/Desktop/mygitproject (main)
$ git push -u origin main
warning: redirecting to https://gitlab.com/viswanathvenkatesan1328-group/gitdemo.git/
Enumerating objects: 4, done.
Counting objects: 100% (4/4), done.
Delta compression using up to 8 threads
Compressing objects: 100% (2/2), done.
Writing objects: 100% (3/3), 360 bytes | 360.00 KiB/s, done.
Total 3 (delta 0), reused 0 (delta 0), pack-reused 0 (from 0)
To https://gitlab.com/viswanathvenkatesan1328-group/gitdemo
   38a707c..1b081b9  main -> main
branch 'main' set up to track 'origin/main'.
